// Jest Snapshot v1, https://goo.gl/fbAQLP

exports[`Home Page render homepage component 1`] = `
<div>
  <div>
    <h1>
      Home
    </h1>
    <button />
  </div>
</div>
`;
